
Importing C:\Users\buima\Desktop\UI_Board\UI_CURRENT\UI_Board\PDNAnalyzer_Output\UI_PCB\PDN_JACK_ONLY\odb.tgz... [Mon Aug 24 02:31:11 2026]
============================================================
Reading ODB++ database ...

Reading file odb/misc/info...
Reading file odb/matrix/matrix...
Reading file odb/steps/pcb/profile...
Reading file odb/steps/pcb/eda/data...
Origin of ODB++ database:  Altium Designer file - Version 1.0.0.30000
WARNING: Ignoring I(172 time(s))
eda data: 37 packages, 218 nets.
Reading file odb/steps/pcb/layers/top_solder/features...
818 SWHs on layer TOP_SOLDER

Reading file odb/steps/pcb/layers/sig_pwr1/features...
WARNING: shape/hole with 0 segments ignored (<File sig_pwr1\features, line 11004>)
4678 SWHs on layer SIG_PWR1

Reading file odb/steps/pcb/layers/dielectric_2/features...
0 SWHs on layer DIELECTRIC_2

Reading file odb/steps/pcb/layers/gnd1/features...
339 SWHs on layer GND1

Reading file odb/steps/pcb/layers/dielectric_1/features...
0 SWHs on layer DIELECTRIC_1

Reading file odb/steps/pcb/layers/gns2/features...
339 SWHs on layer GNS2

Reading file odb/steps/pcb/layers/dielectric_3/features...
0 SWHs on layer DIELECTRIC_3

Reading file odb/steps/pcb/layers/sig_pwr2/features...
WARNING: shape/hole with 0 segments ignored (<File sig_pwr2\features, line 4293>)
1868 SWHs on layer SIG_PWR2

Reading file odb/steps/pcb/layers/bottom_solder/features...
130 SWHs on layer BOTTOM_SOLDER

Reading file odb/steps/pcb/layers/top_solder/attrlist...
Reading file odb/steps/pcb/layers/sig_pwr1/attrlist...
Reading file odb/steps/pcb/layers/dielectric_2/attrlist...
Reading file odb/steps/pcb/layers/gnd1/attrlist...
Reading file odb/steps/pcb/layers/dielectric_1/attrlist...
Reading file odb/steps/pcb/layers/gns2/attrlist...
Reading file odb/steps/pcb/layers/dielectric_3/attrlist...
Reading file odb/steps/pcb/layers/sig_pwr2/attrlist...
Reading file odb/steps/pcb/layers/bottom_solder/attrlist...
WARNING: material values were set to default due to missing information for the following layers:  'TOP_SOLDER', 'SIG_PWR1', 'GND1', 'DIELECTRIC_1', 'GNS2', 'SIG_PWR2', 'BOTTOM_SOLDER'
parsing drills SIG_PWR1-SIG_PWR2
Reading file odb/steps/pcb/layers/drill_non-plated_bottom-top/features...
parsing drills SIG_PWR1-SIG_PWR2
Reading file odb/steps/pcb/layers/drill_plated_bottom-top/features...
Reading file odb/steps/pcb/layers/comp_+_top/components...
Reading file odb/steps/pcb/layers/comp_+_bot/components...
INFO: 92 duplicate vertices ignored
========================================
INFO: Created CSV file (C:\Users\buima\Desktop\UI_Board\UI_CURRENT\UI_Board\PDNAnalyzer_Output\UI_PCB\PDN_JACK_ONLY\Results\tmp\design.csv) with component properties extracted from ODB++ file.
========================================
========================================
Lumped-element import (C:\Users\buima\Desktop\UI_Board\UI_CURRENT\UI_Board\PDNAnalyzer_Output\UI_PCB\PDN_JACK_ONLY\Results\tmp\design.csv)...
Detected ' ; ' as separator.

Value-string translations:
	0 Ohm ->  0.0 Ohms (R)
	0 Ohm, 1/16W ->  0.0 Ohms (R)
	0,1uF, 50V ->  99.99999999999999 nF (C)
	0.1uF, 50V ->  99.99999999999999 nF (C)
	0.47F, 50V ->  4.7e-16 F (C)
	1 MOhm, 1/16W ->  1.0 MOhms (R)
	1.2 KOhm, 1/16W ->  1.2 kOhms (R)
	1.5 KOhm, 1/16W ->  1.5 kOhms (R)
	10 KOhm, 1/16W ->  10.0 kOhms (R)
	10 kOhm, 1/16W ->  10.0 kOhms (R)
	100 KOhm, 1/16W ->  100.0 kOhms (R)
	100nF, 50V ->  100.0 nF (C)
	100uF, 50V ->  100.0 uF (C)
	10KOhm, 1/16W ->  10.0 kOhms (R)
	10nF, 50V ->  10.0 nF (C)
	10uF, 50V ->  10.0 uF (C)
	10uH, 2.3A ->  10.0 uH (L)
	10uH, 3A ->  10.0 uH (L)
	11 Kohm, 1/16W ->  11.0 kOhms (R)
	13 KOhm, 1/16W ->  13.0 kOhms (R)
	150 KOhm, 1/16W ->  150.0 kOhms (R)
	150nF, 50V ->  150.0 nF (C)
	15uH, 3A ->  15.0 uH (L)
	160 KOhm, 1/16W ->  160.0 kOhms (R)
	18pF, 50V ->  18.0 pF (C)
	1KOhm, 1/16W ->  1.0 kOhms (R)
	1Ohm, 1/16W ->  1.0 Ohms (R)
	1uF, 50V ->  1.0 uF (C)
	2 KOhm, 1/16W ->  2.0 kOhms (R)
	2.2uH, 2A ->  2.2 uH (L)
	200 KOhm, 1/16W ->  200.0 kOhms (R)
	220 Ohm, 1/16W ->  220.0 Ohms (R)
	220nF, 50V ->  220.0 nF (C)
	220ohm, 1/16W ->  220.0 Ohms (R)
	22nF, 50V ->  22.0 nF (C)
	22pF, 50V ->  22.0 pF (C)
	22uF, 25V ->  22.0 uF (C)
	22uF, 50V ->  22.0 uF (C)
	47 KOhm, 1/16W ->  47.0 kOhms (R)
	470 KOhm, 1/16W ->  470.0 kOhms (R)
	5.1 KOhm, 1/16W ->  5.1 kOhms (R)
	560 Ohm, 1/16W ->  560.0 Ohms (R)
	6.2Kohm, 1/16W ->  6.2 kOhms (R)
	680 KOhm, 1/16W ->  680.0 kOhms (R)
	68uH, 510mA ->  68.0 uH (L)
	75 KOhm, 1/16W ->  75.0 kOhms (R)
	8.2 KOhm, 1/16W ->  8.2 kOhms (R)
	8pF, 50V ->  8.0 pF (C)
WARNING: unphysical value: 0.0 Ohms
WARNING: unphysical value: 0.0 Ohms
WARNING: unable to interpret: [empty string]
========================================
WARNING: There were some warnings while importing the auto-generated CSV-file 'C:\Users\buima\Desktop\UI_Board\UI_CURRENT\UI_Board\PDNAnalyzer_Output\UI_PCB\PDN_JACK_ONLY\Results\tmp\design.csv'. Please review the auto-generated file under Parts Editor->Load (csv).
========================================
Unifying library padstacks...
Finished reading database.
============================================================
Further warnings:
WARNING: Hole deleted upon healing.
 
